exports[`test AboutView snapshot matches 1`] = `<div />`;
